// Jest Snapshot v1, https://goo.gl/fbAQLP

exports[`testing loginforms deve ser igual a snapshot 1`] = `
<DocumentFragment>
  <div
    class="containerSignUpForm"
  >
    <form
      action="#"
    >
      <input
        name="nome"
        placeholder="Nome completo"
        value=""
      />
      <input
        name="matricula"
        placeholder="MatrÃ­cula"
        value=""
      />
      <input
        name="email"
        placeholder="E-mail"
        type="email"
        value=""
      />
      <input
        name="senha"
        placeholder="Senha"
        type="password"
        value=""
      />
      <input
        name="telefone"
        placeholder="Telefone"
        value=""
      />
      <button
        type="submit"
      >
        Cadastre-se
      </button>
    </form>
  </div>
</DocumentFragment>
`;
