// Jest Snapshot v1, https://goo.gl/fbAQLP

exports[`testando loginforms deve ser igual a snapshot 1`] = `
<DocumentFragment>
  <div
    class="containerEventsForms"
  >
    <div>
      <form>
        <input
          autocomplete="off"
          id="title"
          placeholder="Título"
          type="text"
        />
        <div
          class="eventsContent"
        >
          <textarea
            placeholder="Descrição"
          />
          <div
            class="eventsInputs"
          >
            <input
              autocapitalize="off"
              placeholder="Data"
              type="date"
            />
            <input
              autocomplete="off"
              placeholder="Local"
              type="text"
            />
          </div>
        </div>
        <button
          type="submit"
        >
          Postar
        </button>
      </form>
    </div>
  </div>
</DocumentFragment>
`;
